// Jest Snapshot v1, https://goo.gl/fbAQLP

exports[`Image model #unsplashToImage 1`] = `
Object {
  "author": Object {
    "avatar": undefined,
    "name": undefined,
    "source": "Unsplash",
    "twitter": undefined,
    "url": undefined,
  },
  "caption": undefined,
  "id": undefined,
  "links": Object {
    "html": undefined,
  },
  "location": undefined,
}
`;
