// Jest Snapshot v1, https://goo.gl/fbAQLP

exports[`UnsplashApiService #unsplashToImage 1`] = `
Object {
  "author": Object {
    "avatar": undefined,
    "name": undefined,
    "twitter": undefined,
    "url": undefined,
  },
  "caption": undefined,
  "id": undefined,
  "license": "cc_attribute",
  "links": Object {
    "html": undefined,
    "large": undefined,
    "regular": undefined,
    "small": undefined,
    "thumb": undefined,
  },
  "location": undefined,
  "source": "Unsplash",
}
`;
